\BOOKMARK [0][-]{section*.2}{\376\377\000L\036\334\000I\000\040\000N\000\323\000I\000\040\001\020\036\246\000U}{}% 1
\BOOKMARK [0][-]{section*.4}{\376\377\000L\036\334\000I\000\040\000C\000A\000M\000\040\001\020\000O\000A\000N}{}% 2
\BOOKMARK [0][-]{section*.5}{\376\377\000M\036\344\000C\000\040\000L\036\344\000C}{}% 3
\BOOKMARK [0][-]{section*.7}{\376\377\000D\000A\000N\000H\000\040\000S\000\301\000C\000H\000\040\000H\000\314\000N\000H\000\040\000V\036\274}{}% 4
\BOOKMARK [0][-]{section*.9}{\376\377\000D\000A\000N\000H\000\040\000S\000\301\000C\000H\000\040\000B\036\242\000N\000G}{}% 5
\BOOKMARK [0][-]{section*.12}{\376\377\000D\000A\000N\000H\000\040\000S\000\301\000C\000H\000\040\000C\000\301\000C\000\040\000K\000\335\000\040\000H\000I\036\306\000U\000,\000\040\000C\000H\036\356\000\040\000V\000I\036\276\000T\000\040\000T\036\256\000T}{}% 6
\BOOKMARK [0][-]{chapter.1}{\376\377\000T\036\324\000N\000G\000\040\000Q\000U\000A\000N\000\040\001\020\036\300\000\040\000T\000\300\000I}{}% 7
\BOOKMARK [1][-]{section.1.1}{\376\377\001\020\036\267\000t\000\040\000v\036\245\000n\000\040\001\021\036\301}{chapter.1}% 8
\BOOKMARK [2][-]{subsection.1.1.1}{\376\377\000S\036\361\000\040\000p\000h\000\341\000t\000\040\000t\000r\000i\036\303\000n\000\040\000c\036\347\000a\000\040\000A\000I\000\040\000t\036\241\000i\000\040\000E\000d\000g\000e}{section.1.1}% 9
\BOOKMARK [2][-]{subsection.1.1.2}{\376\377\000H\036\241\000n\000\040\000c\000h\036\277\000\040\000c\036\347\000a\000\040\000t\000r\000i\036\303\000n\000\040\000k\000h\000a\000i\000\040\000A\000I\000\040\000t\000r\000\352\000n\000\040\000E\000d\000g\000e\000\040\000D\000e\000v\000i\000c\000e}{section.1.1}% 10
\BOOKMARK [2][-]{subsection.1.1.3}{\376\377\000B\000\340\000i\000\040\000t\000o\000\341\000n\000\040\000q\000u\036\243\000n\000\040\000l\000\375\000\040\000v\000\340\000\040\000t\000r\000i\036\303\000n\000\040\000k\000h\000a\000i\000\040\000A\000I\000\040\000M\000o\000d\000e\000l\000\040\000t\000r\000\352\000n\000\040\000n\000h\000i\036\301\000u\000\040\000E\000d\000g\000e\000\040\000D\000e\000v\000i\000c\000e}{section.1.1}% 11
\BOOKMARK [2][-]{subsection.1.1.4}{\376\377\000S\036\361\000\040\000c\036\247\000n\000\040\000t\000h\000i\036\277\000t\000\040\000c\036\347\000a\000\040\000t\036\321\000i\000\040\001\260\000u\000\040\000m\000\364\000\040\000h\000\354\000n\000h\000\040\000A\000I}{section.1.1}% 12
\BOOKMARK [1][-]{section.1.2}{\376\377\000M\036\345\000c\000\040\000t\000i\000\352\000u\000\040\001\021\036\301\000\040\000t\000\340\000i}{chapter.1}% 13
\BOOKMARK [2][-]{subsection.1.2.1}{\376\377\000M\036\345\000c\000\040\000t\000i\000\352\000u\000\040\000t\036\325\000n\000g\000\040\000q\000u\000\341\000t}{section.1.2}% 14
\BOOKMARK [2][-]{subsection.1.2.2}{\376\377\000M\036\345\000c\000\040\000t\000i\000\352\000u\000\040\000c\036\345\000\040\000t\000h\036\303}{section.1.2}% 15
\BOOKMARK [1][-]{section.1.3}{\376\377\000P\000h\036\241\000m\000\040\000v\000i\000\040\001\021\036\301\000\040\000t\000\340\000i}{chapter.1}% 16
\BOOKMARK [1][-]{section.1.4}{\376\377\001\020\036\321\000i\000\040\000t\001\260\036\343\000n\000g\000\040\000n\000g\000h\000i\000\352\000n\000\040\000c\036\351\000u}{chapter.1}% 17
\BOOKMARK [1][-]{section.1.5}{\376\377\000P\000h\001\260\001\241\000n\000g\000\040\000p\000h\000\341\000p\000\040\000n\000g\000h\000i\000\352\000n\000\040\000c\036\351\000u}{chapter.1}% 18
\BOOKMARK [1][-]{section.1.6}{\376\377\001\020\000\363\000n\000g\000\040\000g\000\363\000p\000\040\000c\036\347\000a\000\040\001\021\036\301\000\040\000t\000\340\000i}{chapter.1}% 19
\BOOKMARK [1][-]{section.1.7}{\376\377\000C\036\245\000u\000\040\000t\000r\000\372\000c\000\040\001\021\036\323\000\040\000\341\000n}{chapter.1}% 20
\BOOKMARK [1][-]{section.1.8}{\376\377\000K\036\277\000t\000\040\000c\000h\001\260\001\241\000n\000g}{chapter.1}% 21
\BOOKMARK [0][-]{chapter.2}{\376\377\000C\001\240\000\040\000S\036\336\000\040\000L\000\335\000\040\000T\000H\000U\000Y\036\276\000T}{}% 22
\BOOKMARK [1][-]{section.2.1}{\376\377\000E\000d\000g\000e\000\040\000A\000I}{chapter.2}% 23
\BOOKMARK [2][-]{subsection.2.1.1}{\376\377\000K\000h\000\341\000i\000\040\000n\000i\036\307\000m\000\040\000E\000d\000g\000e\000\040\000A\000I}{section.2.1}% 24
\BOOKMARK [2][-]{subsection.2.1.2}{\376\377\000K\000i\036\277\000n\000\040\000t\000r\000\372\000c\000\040\000C\000l\000o\000u\000d\040\023\000E\000d\000g\000e}{section.2.1}% 25
\BOOKMARK [2][-]{subsection.2.1.3}{\376\377\001\020\036\267\000c\000\040\001\021\000i\036\303\000m\000\040\000c\036\347\000a\000\040\000E\000d\000g\000e\000\040\000D\000e\000v\000i\000c\000e}{section.2.1}% 26
\BOOKMARK [2][-]{subsection.2.1.4}{\376\377\000C\000\341\000c\000\040\000v\036\245\000n\000\040\001\021\036\301\000\040\000k\000h\000i\000\040\000t\000r\000i\036\303\000n\000\040\000k\000h\000a\000i\000\040\000A\000I\000\040\000t\000r\000\352\000n\000\040\000E\000d\000g\000e}{section.2.1}% 27
\BOOKMARK [1][-]{section.2.2}{\376\377\000O\000b\000j\000e\000c\000t\000\040\000D\000e\000t\000e\000c\000t\000i\000o\000n\000\040\000v\000\340\000\040\000Y\000O\000L\000O}{chapter.2}% 28
\BOOKMARK [2][-]{subsection.2.2.1}{\376\377\000B\000\340\000i\000\040\000t\000o\000\341\000n\000\040\000O\000b\000j\000e\000c\000t\000\040\000D\000e\000t\000e\000c\000t\000i\000o\000n}{section.2.2}% 29
\BOOKMARK [2][-]{subsection.2.2.2}{\376\377\000K\000i\036\277\000n\000\040\000t\000r\000\372\000c\000\040\000Y\000O\000L\000O}{section.2.2}% 30
\BOOKMARK [2][-]{subsection.2.2.3}{\376\377\000Q\000u\000y\000\040\000t\000r\000\354\000n\000h\000\040\000h\000u\036\245\000n\000\040\000l\000u\000y\036\307\000n\000\040\000Y\000O\000L\000O}{section.2.2}% 31
\BOOKMARK [2][-]{subsection.2.2.4}{\376\377\000C\000\341\000c\000\040\000c\000h\036\311\000\040\000s\036\321\000\040\001\021\000\341\000n\000h\000\040\000g\000i\000\341}{section.2.2}% 32
\BOOKMARK [1][-]{section.2.3}{\376\377\000M\000o\000d\000e\000l\000\040\000C\000o\000m\000p\000r\000e\000s\000s\000i\000o\000n}{chapter.2}% 33
\BOOKMARK [2][-]{subsection.2.3.1}{\376\377\000T\036\325\000n\000g\000\040\000q\000u\000a\000n\000\040\000M\000o\000d\000e\000l\000\040\000C\000o\000m\000p\000r\000e\000s\000s\000i\000o\000n}{section.2.3}% 34
\BOOKMARK [2][-]{subsection.2.3.2}{\376\377\000M\000o\000d\000e\000l\000\040\000P\000r\000u\000n\000i\000n\000g}{section.2.3}% 35
\BOOKMARK [2][-]{subsection.2.3.3}{\376\377\000S\000t\000r\000u\000c\000t\000u\000r\000e\000d\000\040\000P\000r\000u\000n\000i\000n\000g}{section.2.3}% 36
\BOOKMARK [2][-]{subsection.2.3.4}{\376\377\000U\000n\000s\000t\000r\000u\000c\000t\000u\000r\000e\000d\000\040\000P\000r\000u\000n\000i\000n\000g}{section.2.3}% 37
\BOOKMARK [2][-]{subsection.2.3.5}{\376\377\000P\000r\000u\000n\000i\000n\000g\000\040\000R\000a\000t\000i\000o}{section.2.3}% 38
\BOOKMARK [2][-]{subsection.2.3.6}{\376\377\000F\000i\000n\000e\000-\000t\000u\000n\000i\000n\000g\000\040\000s\000a\000u\000\040\000P\000r\000u\000n\000i\000n\000g}{section.2.3}% 39
\BOOKMARK [1][-]{section.2.4}{\376\377\000M\000o\000d\000e\000l\000\040\000Q\000u\000a\000n\000t\000i\000z\000a\000t\000i\000o\000n}{chapter.2}% 40
\BOOKMARK [2][-]{subsection.2.4.1}{\376\377\000K\000h\000\341\000i\000\040\000n\000i\036\307\000m\000\040\000Q\000u\000a\000n\000t\000i\000z\000a\000t\000i\000o\000n}{section.2.4}% 41
\BOOKMARK [2][-]{subsection.2.4.2}{\376\377\000F\000P\0003\0002\000,\000\040\000F\000P\0001\0006\000\040\000v\000\340\000\040\000I\000N\000T\0008}{section.2.4}% 42
\BOOKMARK [2][-]{subsection.2.4.3}{\376\377\000P\000o\000s\000t\000-\000T\000r\000a\000i\000n\000i\000n\000g\000\040\000Q\000u\000a\000n\000t\000i\000z\000a\000t\000i\000o\000n}{section.2.4}% 43
\BOOKMARK [2][-]{subsection.2.4.4}{\376\377\000Q\000u\000a\000n\000t\000i\000z\000a\000t\000i\000o\000n\000-\000A\000w\000a\000r\000e\000\040\000T\000r\000a\000i\000n\000i\000n\000g}{section.2.4}% 44
\BOOKMARK [2][-]{subsection.2.4.5}{\376\377\000F\000a\000k\000e\000\040\000Q\000u\000a\000n\000t\000i\000z\000a\000t\000i\000o\000n}{section.2.4}% 45
\BOOKMARK [2][-]{subsection.2.4.6}{\376\377\000S\000o\000\040\000s\000\341\000n\000h\000\040\000P\000T\000Q\000\040\000v\000\340\000\040\000Q\000A\000T}{section.2.4}% 46
\BOOKMARK [1][-]{section.2.5}{\376\377\000T\000e\000n\000s\000o\000r\000R\000T}{chapter.2}% 47
\BOOKMARK [2][-]{subsection.2.5.1}{\376\377\000K\000i\036\277\000n\000\040\000t\000r\000\372\000c\000\040\000T\000e\000n\000s\000o\000r\000R\000T}{section.2.5}% 48
\BOOKMARK [2][-]{subsection.2.5.2}{\376\377\000O\000N\000N\000X}{section.2.5}% 49
\BOOKMARK [2][-]{subsection.2.5.3}{\376\377\000T\000e\000n\000s\000o\000r\000R\000T\000\040\000E\000n\000g\000i\000n\000e}{section.2.5}% 50
\BOOKMARK [2][-]{subsection.2.5.4}{\376\377\000F\000P\0001\0006\000\040\000I\000n\000f\000e\000r\000e\000n\000c\000e}{section.2.5}% 51
\BOOKMARK [2][-]{subsection.2.5.5}{\376\377\000I\000N\000T\0008\000\040\000I\000n\000f\000e\000r\000e\000n\000c\000e}{section.2.5}% 52
\BOOKMARK [2][-]{subsection.2.5.6}{\376\377\000T\000e\000n\000s\000o\000r\000R\000T\000\040\000t\000r\000\352\000n\000\040\000N\000V\000I\000D\000I\000A\000\040\000J\000e\000t\000s\000o\000n}{section.2.5}% 53
\BOOKMARK [1][-]{section.2.6}{\376\377\000N\000V\000I\000D\000I\000A\000\040\000J\000e\000t\000s\000o\000n}{chapter.2}% 54
\BOOKMARK [2][-]{subsection.2.6.1}{\376\377\000J\000e\000t\000s\000o\000n\000\040\000N\000a\000n\000o}{section.2.6}% 55
\BOOKMARK [2][-]{subsection.2.6.2}{\376\377\000J\000e\000t\000s\000o\000n\000\040\000O\000r\000i\000n\000\040\000N\000a\000n\000o}{section.2.6}% 56
\BOOKMARK [2][-]{subsection.2.6.3}{\376\377\000S\000o\000\040\000s\000\341\000n\000h\000\040\000t\000\340\000i\000\040\000n\000g\000u\000y\000\352\000n\000\040\000p\000h\036\247\000n\000\040\000c\036\351\000n\000g}{section.2.6}% 57
\BOOKMARK [2][-]{subsection.2.6.4}{\376\377\000C\000U\000D\000A\000\040\000v\000\340\000\040\000G\000P\000U\000\040\000A\000c\000c\000e\000l\000e\000r\000a\000t\000i\000o\000n}{section.2.6}% 58
\BOOKMARK [1][-]{section.2.7}{\376\377\000A\000I\000\040\000M\000o\000d\000e\000l\000\040\000D\000e\000p\000l\000o\000y\000m\000e\000n\000t}{chapter.2}% 59
\BOOKMARK [2][-]{subsection.2.7.1}{\376\377\000M\000o\000d\000e\000l\000\040\000R\000e\000g\000i\000s\000t\000r\000y}{section.2.7}% 60
\BOOKMARK [2][-]{subsection.2.7.2}{\376\377\000M\000o\000d\000e\000l\000\040\000V\000e\000r\000s\000i\000o\000n\000i\000n\000g}{section.2.7}% 61
\BOOKMARK [2][-]{subsection.2.7.3}{\376\377\000M\000o\000d\000e\000l\000\040\000A\000r\000t\000i\000f\000a\000c\000t}{section.2.7}% 62
\BOOKMARK [2][-]{subsection.2.7.4}{\376\377\000D\000e\000p\000l\000o\000y\000m\000e\000n\000t\000\040\000S\000t\000r\000a\000t\000e\000g\000y}{section.2.7}% 63
\BOOKMARK [2][-]{subsection.2.7.5}{\376\377\000R\000o\000l\000l\000b\000a\000c\000k}{section.2.7}% 64
\BOOKMARK [1][-]{section.2.8}{\376\377\000E\000d\000g\000e\000\040\000R\000u\000n\000t\000i\000m\000e}{chapter.2}% 65
\BOOKMARK [2][-]{subsection.2.8.1}{\376\377\000A\000I\000\040\000I\000n\000f\000e\000r\000e\000n\000c\000e\000\040\000P\000i\000p\000e\000l\000i\000n\000e}{section.2.8}% 66
\BOOKMARK [2][-]{subsection.2.8.2}{\376\377\000R\000u\000n\000t\000i\000m\000e\000\040\000L\000i\000f\000e\000c\000y\000c\000l\000e}{section.2.8}% 67
\BOOKMARK [2][-]{subsection.2.8.3}{\376\377\000G\000P\000U\000\040\000R\000e\000s\000o\000u\000r\000c\000e\000\040\000M\000a\000n\000a\000g\000e\000m\000e\000n\000t}{section.2.8}% 68
\BOOKMARK [2][-]{subsection.2.8.4}{\376\377\000R\000u\000n\000t\000i\000m\000e\000\040\000M\000o\000n\000i\000t\000o\000r\000i\000n\000g}{section.2.8}% 69
\BOOKMARK [1][-]{section.2.9}{\376\377\000D\000i\000s\000t\000r\000i\000b\000u\000t\000e\000d\000\040\000E\000d\000g\000e\000\040\000P\000l\000a\000t\000f\000o\000r\000m}{chapter.2}% 70
\BOOKMARK [2][-]{subsection.2.9.1}{\376\377\000C\000l\000o\000u\000d\000\040\000C\000o\000n\000t\000r\000o\000l\000\040\000P\000l\000a\000n\000e}{section.2.9}% 71
\BOOKMARK [2][-]{subsection.2.9.2}{\376\377\000E\000d\000g\000e\000\040\000A\000g\000e\000n\000t}{section.2.9}% 72
\BOOKMARK [2][-]{subsection.2.9.3}{\376\377\000T\000e\000l\000e\000m\000e\000t\000r\000y}{section.2.9}% 73
\BOOKMARK [2][-]{subsection.2.9.4}{\376\377\000M\000e\000s\000s\000a\000g\000e\000\040\000B\000r\000o\000k\000e\000r}{section.2.9}% 74
\BOOKMARK [2][-]{subsection.2.9.5}{\376\377\000M\000o\000n\000i\000t\000o\000r\000i\000n\000g}{section.2.9}% 75
\BOOKMARK [1][-]{section.2.10}{\376\377\000R\000A\000G\000\040\000v\000\340\000\040\000A\000I\000\040\000A\000g\000e\000n\000t}{chapter.2}% 76
\BOOKMARK [2][-]{subsection.2.10.1}{\376\377\000R\000e\000t\000r\000i\000e\000v\000a\000l\000-\000A\000u\000g\000m\000e\000n\000t\000e\000d\000\040\000G\000e\000n\000e\000r\000a\000t\000i\000o\000n}{section.2.10}% 77
\BOOKMARK [2][-]{subsection.2.10.2}{\376\377\000E\000m\000b\000e\000d\000d\000i\000n\000g\000\040\000S\000e\000a\000r\000c\000h}{section.2.10}% 78
\BOOKMARK [2][-]{subsection.2.10.3}{\376\377\000H\000y\000b\000r\000i\000d\000\040\000S\000e\000a\000r\000c\000h}{section.2.10}% 79
\BOOKMARK [2][-]{subsection.2.10.4}{\376\377\000A\000I\000\040\000A\000g\000e\000n\000t}{section.2.10}% 80
\BOOKMARK [2][-]{subsection.2.10.5}{\376\377\000T\000o\000o\000l\000\040\000C\000a\000l\000l\000i\000n\000g}{section.2.10}% 81
\BOOKMARK [2][-]{subsection.2.10.6}{\376\377\000M\000C\000P}{section.2.10}% 82
\BOOKMARK [1][-]{section.2.11}{\376\377\000D\000o\000m\000a\000i\000n\000-\000D\000r\000i\000v\000e\000n\000\040\000D\000e\000s\000i\000g\000n}{chapter.2}% 83
\BOOKMARK [2][-]{subsection.2.11.1}{\376\377\000E\000n\000t\000i\000t\000y}{section.2.11}% 84
\BOOKMARK [2][-]{subsection.2.11.2}{\376\377\000V\000a\000l\000u\000e\000\040\000O\000b\000j\000e\000c\000t}{section.2.11}% 85
\BOOKMARK [2][-]{subsection.2.11.3}{\376\377\000A\000g\000g\000r\000e\000g\000a\000t\000e}{section.2.11}% 86
\BOOKMARK [2][-]{subsection.2.11.4}{\376\377\000R\000e\000p\000o\000s\000i\000t\000o\000r\000y}{section.2.11}% 87
\BOOKMARK [2][-]{subsection.2.11.5}{\376\377\000D\000o\000m\000a\000i\000n\000\040\000S\000e\000r\000v\000i\000c\000e}{section.2.11}% 88
\BOOKMARK [2][-]{subsection.2.11.6}{\376\377\000B\000o\000u\000n\000d\000e\000d\000\040\000C\000o\000n\000t\000e\000x\000t}{section.2.11}% 89
\BOOKMARK [1][-]{section.2.12}{\376\377\000K\036\277\000t\000\040\000c\000h\001\260\001\241\000n\000g}{chapter.2}% 90
\BOOKMARK [0][-]{chapter.3}{\376\377\000N\000G\000H\000I\000\312\000N\000\040\000C\036\350\000U\000\040\000V\000\300\000\040\000T\036\320\000I\000\040\001\257\000U\000\040\000M\000\324\000\040\000H\000\314\000N\000H\000\040\000Y\000O\000L\000O}{}% 91
\BOOKMARK [1][-]{section.3.1}{\376\377\000B\000\340\000i\000\040\000t\000o\000\341\000n\000\040\000t\036\321\000i\000\040\001\260\000u}{chapter.3}% 92
\BOOKMARK [2][-]{subsection.3.1.1}{\376\377\000M\000\364\000\040\000h\000\354\000n\000h\000\040\000b\000a\000s\000e\000l\000i\000n\000e}{section.3.1}% 93
\BOOKMARK [2][-]{subsection.3.1.2}{\376\377\000H\036\241\000n\000\040\000c\000h\036\277\000\040\000c\036\347\000a\000\040\000m\000\364\000\040\000h\000\354\000n\000h\000\040\000b\000a\000s\000e\000l\000i\000n\000e}{section.3.1}% 94
\BOOKMARK [2][-]{subsection.3.1.3}{\376\377\000M\036\345\000c\000\040\000t\000i\000\352\000u\000\040\000t\036\321\000i\000\040\001\260\000u}{section.3.1}% 95
\BOOKMARK [1][-]{section.3.2}{\376\377\000X\000\342\000y\000\040\000d\036\361\000n\000g\000\040\000m\000\364\000\040\000h\000\354\000n\000h\000\040\000Y\000O\000L\000O\000\040\000b\000a\000s\000e\000l\000i\000n\000e}{chapter.3}% 96
\BOOKMARK [2][-]{subsection.3.2.1}{\376\377\000D\000a\000t\000a\000s\000e\000t}{section.3.2}% 97
\BOOKMARK [2][-]{subsection.3.2.2}{\376\377\000T\000i\036\301\000n\000\040\000x\036\355\000\040\000l\000\375\000\040\000d\036\357\000\040\000l\000i\036\307\000u}{section.3.2}% 98
\BOOKMARK [2][-]{subsection.3.2.3}{\376\377\000H\000u\036\245\000n\000\040\000l\000u\000y\036\307\000n}{section.3.2}% 99
\BOOKMARK [2][-]{subsection.3.2.4}{\376\377\001\020\000\341\000n\000h\000\040\000g\000i\000\341\000\040\000b\000a\000s\000e\000l\000i\000n\000e}{section.3.2}% 100
\BOOKMARK [1][-]{section.3.3}{\376\377\000T\036\321\000i\000\040\001\260\000u\000\040\000b\036\261\000n\000g\000\040\000P\000r\000u\000n\000i\000n\000g}{chapter.3}% 101
\BOOKMARK [2][-]{subsection.3.3.1}{\376\377\000L\036\361\000a\000\040\000c\000h\036\315\000n\000\040\000p\000h\001\260\001\241\000n\000g\000\040\000p\000h\000\341\000p\000\040\000p\000r\000u\000n\000i\000n\000g}{section.3.3}% 102
\BOOKMARK [2][-]{subsection.3.3.2}{\376\377\000X\000\341\000c\000\040\001\021\036\313\000n\000h\000\040\000p\000r\000u\000n\000i\000n\000g\000\040\000r\000a\000t\000i\000o}{section.3.3}% 103
\BOOKMARK [2][-]{subsection.3.3.3}{\376\377\000F\000i\000n\000e\000-\000t\000u\000n\000i\000n\000g}{section.3.3}% 104
\BOOKMARK [2][-]{subsection.3.3.4}{\376\377\001\020\000\341\000n\000h\000\040\000g\000i\000\341\000\040\000m\000\364\000\040\000h\000\354\000n\000h\000\040\000s\000a\000u\000\040\000p\000r\000u\000n\000i\000n\000g}{section.3.3}% 105
\BOOKMARK [1][-]{section.3.4}{\376\377\000T\036\321\000i\000\040\001\260\000u\000\040\000b\036\261\000n\000g\000\040\000Q\000A\000T}{chapter.3}% 106
\BOOKMARK [2][-]{subsection.3.4.1}{\376\377\000T\000h\000i\036\277\000t\000\040\000l\036\255\000p\000\040\000q\000u\000a\000n\000t\000i\000z\000a\000t\000i\000o\000n}{section.3.4}% 107
\BOOKMARK [2][-]{subsection.3.4.2}{\376\377\000F\000a\000k\000e\000\040\000Q\000u\000a\000n\000t\000i\000z\000a\000t\000i\000o\000n}{section.3.4}% 108
\BOOKMARK [2][-]{subsection.3.4.3}{\376\377\000Q\000A\000T\000\040\000T\000r\000a\000i\000n\000i\000n\000g}{section.3.4}% 109
\BOOKMARK [2][-]{subsection.3.4.4}{\376\377\000E\000x\000p\000o\000r\000t\000\040\000I\000N\000T\0008}{section.3.4}% 110
\BOOKMARK [2][-]{subsection.3.4.5}{\376\377\001\020\000\341\000n\000h\000\040\000g\000i\000\341\000\040\000m\000\364\000\040\000h\000\354\000n\000h\000\040\000Q\000A\000T}{section.3.4}% 111
\BOOKMARK [1][-]{section.3.5}{\376\377\000K\036\277\000t\000\040\000h\036\343\000p\000\040\000P\000r\000u\000n\000i\000n\000g\000\040\000v\000\340\000\040\000Q\000A\000T}{chapter.3}% 112
\BOOKMARK [2][-]{subsection.3.5.1}{\376\377\000Q\000u\000y\000\040\000t\000r\000\354\000n\000h\000\040\000k\036\277\000t\000\040\000h\036\343\000p}{section.3.5}% 113
\BOOKMARK [2][-]{subsection.3.5.2}{\376\377\000C\000\341\000c\000\040\000c\036\245\000u\000\040\000h\000\354\000n\000h\000\040\000t\000h\036\361\000c\000\040\000n\000g\000h\000i\036\307\000m}{section.3.5}% 114
\BOOKMARK [2][-]{subsection.3.5.3}{\376\377\000S\000o\000\040\000s\000\341\000n\000h\000\040\000k\036\277\000t\000\040\000q\000u\036\243}{section.3.5}% 115
\BOOKMARK [1][-]{section.3.6}{\376\377\000C\000h\000u\000y\036\303\000n\000\040\001\021\036\325\000i\000\040\000s\000a\000n\000g\000\040\000T\000e\000n\000s\000o\000r\000R\000T}{chapter.3}% 116
\BOOKMARK [2][-]{subsection.3.6.1}{\376\377\000E\000x\000p\000o\000r\000t\000\040\000O\000N\000N\000X}{section.3.6}% 117
\BOOKMARK [2][-]{subsection.3.6.2}{\376\377\000T\000e\000n\000s\000o\000r\000R\000T\000\040\000F\000P\0001\0006}{section.3.6}% 118
\BOOKMARK [2][-]{subsection.3.6.3}{\376\377\000T\000e\000n\000s\000o\000r\000R\000T\000\040\000I\000N\000T\0008}{section.3.6}% 119
\BOOKMARK [2][-]{subsection.3.6.4}{\376\377\000K\000i\036\303\000m\000\040\000t\000r\000a\000\040\001\021\036\331\000\040\000c\000h\000\355\000n\000h\000\040\000x\000\341\000c\000\040\000s\000a\000u\000\040\000c\000h\000u\000y\036\303\000n\000\040\001\021\036\325\000i}{section.3.6}% 120
\BOOKMARK [1][-]{section.3.7}{\376\377\000L\036\361\000a\000\040\000c\000h\036\315\000n\000\040\000m\000\364\000\040\000h\000\354\000n\000h\000\040\000t\000r\000i\036\303\000n\000\040\000k\000h\000a\000i}{chapter.3}% 121
\BOOKMARK [1][-]{section.3.8}{\376\377\000K\036\277\000t\000\040\000c\000h\001\260\001\241\000n\000g}{chapter.3}% 122
\BOOKMARK [0][-]{chapter.4}{\376\377\000P\000H\000\302\000N\000\040\000T\000\315\000C\000H\000\040\000V\000\300\000\040\000T\000H\000I\036\276\000T\000\040\000K\036\276\000\040\000N\036\300\000N\000\040\000T\036\242\000N\000G\000\040\000E\000D\000G\000E\000\040\000A\000I}{}% 123
\BOOKMARK [1][-]{section.4.1}{\376\377\000Y\000\352\000u\000\040\000c\036\247\000u\000\040\000h\036\307\000\040\000t\000h\036\321\000n\000g}{chapter.4}% 124
\BOOKMARK [2][-]{subsection.4.1.1}{\376\377\000F\000u\000n\000c\000t\000i\000o\000n\000a\000l\000\040\000R\000e\000q\000u\000i\000r\000e\000m\000e\000n\000t\000s}{section.4.1}% 125
\BOOKMARK [2][-]{subsection.4.1.2}{\376\377\000N\000o\000n\000-\000f\000u\000n\000c\000t\000i\000o\000n\000a\000l\000\040\000R\000e\000q\000u\000i\000r\000e\000m\000e\000n\000t\000s}{section.4.1}% 126
\BOOKMARK [1][-]{section.4.2}{\376\377\000K\000i\036\277\000n\000\040\000t\000r\000\372\000c\000\040\000t\036\325\000n\000g\000\040\000t\000h\036\303}{chapter.4}% 127
\BOOKMARK [1][-]{section.4.3}{\376\377\000T\000h\000i\036\277\000t\000\040\000k\036\277\000\040\000D\000o\000m\000a\000i\000n}{chapter.4}% 128
\BOOKMARK [2][-]{subsection.4.3.1}{\376\377\000F\000l\000e\000e\000t\000\040\000D\000o\000m\000a\000i\000n}{section.4.3}% 129
\BOOKMARK [2][-]{subsection.4.3.2}{\376\377\000M\000o\000d\000e\000l\000\040\000R\000e\000g\000i\000s\000t\000r\000y\000\040\000D\000o\000m\000a\000i\000n}{section.4.3}% 130
\BOOKMARK [2][-]{subsection.4.3.3}{\376\377\000D\000e\000p\000l\000o\000y\000m\000e\000n\000t\000\040\000D\000o\000m\000a\000i\000n}{section.4.3}% 131
\BOOKMARK [2][-]{subsection.4.3.4}{\376\377\000C\000o\000m\000m\000a\000n\000d\000\040\000D\000o\000m\000a\000i\000n}{section.4.3}% 132
\BOOKMARK [2][-]{subsection.4.3.5}{\376\377\000I\000n\000c\000i\000d\000e\000n\000t\000\040\000D\000o\000m\000a\000i\000n}{section.4.3}% 133
\BOOKMARK [2][-]{subsection.4.3.6}{\376\377\000K\000n\000o\000w\000l\000e\000d\000g\000e\000\040\000D\000o\000m\000a\000i\000n}{section.4.3}% 134
\BOOKMARK [2][-]{subsection.4.3.7}{\376\377\000O\000p\000s\000\040\000D\000o\000m\000a\000i\000n}{section.4.3}% 135
\BOOKMARK [2][-]{subsection.4.3.8}{\376\377\000C\000o\000p\000i\000l\000o\000t}{section.4.3}% 136
\BOOKMARK [1][-]{section.4.4}{\376\377\000T\000h\000i\036\277\000t\000\040\000k\036\277\000\040\000C\000l\000o\000u\000d\000\040\000C\000o\000n\000t\000r\000o\000l\000\040\000P\000l\000a\000n\000e}{chapter.4}% 137
\BOOKMARK [2][-]{subsection.4.4.1}{\376\377\000F\000l\000e\000e\000t\000\040\000S\000e\000r\000v\000i\000c\000e}{section.4.4}% 138
\BOOKMARK [2][-]{subsection.4.4.2}{\376\377\000M\000o\000d\000e\000l\000\040\000R\000e\000g\000i\000s\000t\000r\000y}{section.4.4}% 139
\BOOKMARK [2][-]{subsection.4.4.3}{\376\377\000D\000e\000p\000l\000o\000y\000m\000e\000n\000t\000\040\000S\000e\000r\000v\000i\000c\000e}{section.4.4}% 140
\BOOKMARK [2][-]{subsection.4.4.4}{\376\377\000C\000o\000m\000m\000a\000n\000d\000\040\000S\000e\000r\000v\000i\000c\000e}{section.4.4}% 141
\BOOKMARK [2][-]{subsection.4.4.5}{\376\377\000I\000n\000c\000i\000d\000e\000n\000t\000\040\000S\000e\000r\000v\000i\000c\000e}{section.4.4}% 142
\BOOKMARK [2][-]{subsection.4.4.6}{\376\377\000K\000n\000o\000w\000l\000e\000d\000g\000e\000\040\000S\000e\000r\000v\000i\000c\000e}{section.4.4}% 143
\BOOKMARK [1][-]{section.4.5}{\376\377\000T\000h\000i\036\277\000t\000\040\000k\036\277\000\040\000E\000d\000g\000e\000\040\000A\000g\000e\000n\000t}{chapter.4}% 144
\BOOKMARK [2][-]{subsection.4.5.1}{\376\377\000C\000o\000m\000m\000a\000n\000d\000\040\000P\000r\000o\000c\000e\000s\000s\000i\000n\000g}{section.4.5}% 145
\BOOKMARK [2][-]{subsection.4.5.2}{\376\377\000D\000e\000s\000i\000r\000e\000d\000\040\000S\000t\000a\000t\000e\000\040\000v\000\340\000\040\000A\000c\000t\000u\000a\000l\000\040\000S\000t\000a\000t\000e}{section.4.5}% 146
\BOOKMARK [2][-]{subsection.4.5.3}{\376\377\000M\000o\000d\000e\000l\000\040\000L\000i\000f\000e\000c\000y\000c\000l\000e}{section.4.5}% 147
\BOOKMARK [2][-]{subsection.4.5.4}{\376\377\000R\000u\000n\000t\000i\000m\000e\000\040\000L\000i\000f\000e\000c\000y\000c\000l\000e}{section.4.5}% 148
\BOOKMARK [2][-]{subsection.4.5.5}{\376\377\000T\000e\000l\000e\000m\000e\000t\000r\000y}{section.4.5}% 149
\BOOKMARK [1][-]{section.4.6}{\376\377\000T\000h\000i\036\277\000t\000\040\000k\036\277\000\040\000E\000d\000g\000e\000\040\000R\000u\000n\000t\000i\000m\000e}{chapter.4}% 150
\BOOKMARK [1][-]{section.4.7}{\376\377\000T\000h\000i\036\277\000t\000\040\000k\036\277\000\040\000M\000o\000d\000e\000l\000\040\000D\000e\000p\000l\000o\000y\000m\000e\000n\000t}{chapter.4}% 151
\BOOKMARK [1][-]{section.4.8}{\376\377\000T\000h\000i\036\277\000t\000\040\000k\036\277\000\040\000M\000o\000n\000i\000t\000o\000r\000i\000n\000g\000\040\000v\000\340\000\040\000I\000n\000c\000i\000d\000e\000n\000t}{chapter.4}% 152
\BOOKMARK [2][-]{subsection.4.8.1}{\376\377\000K\000h\000\364\000n\000g\000\040\000g\000i\000a\000n\000\040\001\021\036\267\000c\000\040\000t\000r\001\260\000n\000g\000\040\000T\000e\000l\000e\000m\000e\000t\000r\000y\000\040\000\050\0008\000\040\000T\000e\000l\000e\000m\000e\000t\000r\000y\000\040\000F\000e\000a\000t\000u\000r\000e\000s\000\051}{section.4.8}% 153
\BOOKMARK [2][-]{subsection.4.8.2}{\376\377\000K\000i\036\277\000n\000\040\000t\000r\000\372\000c\000\040\000p\000h\000\341\000t\000\040\000h\000i\036\307\000n\000\040\000s\036\361\000\040\000c\036\321\000\040\001\021\000a\000\040\000t\036\247\000n\000g\000\040\000v\000\340\000\040\000F\000e\000a\000t\000u\000r\000e\000\040\000E\000n\000g\000i\000n\000e\000e\000r\000i\000n\000g}{section.4.8}% 154
\BOOKMARK [2][-]{subsection.4.8.3}{\376\377\000C\001\241\000\040\000c\000h\036\277\000\040\000p\000h\000\341\000t\000\040\000h\000i\036\307\000n\000\040\000s\000u\000y\000\040\000g\000i\036\243\000m\000\040\001\021\036\323\000n\000g\000\040\000t\000h\036\335\000i\000\040\000\050\000P\000i\000p\000e\000l\000i\000n\000e\000\040\000D\000e\000g\000r\000a\000d\000a\000t\000i\000o\000n\000\051}{section.4.8}% 155
\BOOKMARK [1][-]{section.4.9}{\376\377\000T\000h\000i\036\277\000t\000\040\000k\036\277\000\040\000K\000n\000o\000w\000l\000e\000d\000g\000e\000\040\000v\000\340\000\040\000C\000o\000p\000i\000l\000o\000t}{chapter.4}% 156
\BOOKMARK [1][-]{section.4.10}{\376\377\000K\036\277\000t\000\040\000c\000h\001\260\001\241\000n\000g}{chapter.4}% 157
\BOOKMARK [0][-]{chapter.5}{\376\377\000X\000\302\000Y\000\040\000D\036\360\000N\000G\000\040\000V\000\300\000\040\000T\000R\000I\036\302\000N\000\040\000K\000H\000A\000I\000\040\000H\036\306\000\040\000T\000H\036\320\000N\000G}{}% 158
\BOOKMARK [1][-]{section.5.1}{\376\377\000M\000\364\000i\000\040\000t\000r\001\260\036\335\000n\000g\000\040\000t\000r\000i\036\303\000n\000\040\000k\000h\000a\000i}{chapter.5}% 159
\BOOKMARK [2][-]{subsection.5.1.1}{\376\377\000C\000l\000o\000u\000d\000\040\000S\000e\000r\000v\000e\000r}{section.5.1}% 160
\BOOKMARK [2][-]{subsection.5.1.2}{\376\377\000J\000e\000t\000s\000o\000n\000\040\000N\000a\000n\000o}{section.5.1}% 161
\BOOKMARK [2][-]{subsection.5.1.3}{\376\377\000J\000e\000t\000s\000o\000n\000\040\000O\000r\000i\000n\000\040\000N\000a\000n\000o}{section.5.1}% 162
\BOOKMARK [2][-]{subsection.5.1.4}{\376\377\000N\000e\000t\000w\000o\000r\000k}{section.5.1}% 163
\BOOKMARK [1][-]{section.5.2}{\376\377\000X\000\342\000y\000\040\000d\036\361\000n\000g\000\040\000C\000l\000o\000u\000d}{chapter.5}% 164
\BOOKMARK [2][-]{subsection.5.2.1}{\376\377\000F\000l\000e\000e\000t\000\040\000M\000a\000n\000a\000g\000e\000m\000e\000n\000t}{section.5.2}% 165
\BOOKMARK [2][-]{subsection.5.2.2}{\376\377\000M\000o\000d\000e\000l\000\040\000R\000e\000g\000i\000s\000t\000r\000y}{section.5.2}% 166
\BOOKMARK [2][-]{subsection.5.2.3}{\376\377\000D\000e\000p\000l\000o\000y\000m\000e\000n\000t\000\040\000M\000a\000n\000a\000g\000e\000m\000e\000n\000t}{section.5.2}% 167
\BOOKMARK [2][-]{subsection.5.2.4}{\376\377\000C\000o\000m\000m\000a\000n\000d\000\040\000M\000a\000n\000a\000g\000e\000m\000e\000n\000t}{section.5.2}% 168
\BOOKMARK [2][-]{subsection.5.2.5}{\376\377\000I\000n\000c\000i\000d\000e\000n\000t\000\040\000M\000a\000n\000a\000g\000e\000m\000e\000n\000t}{section.5.2}% 169
\BOOKMARK [2][-]{subsection.5.2.6}{\376\377\000K\000n\000o\000w\000l\000e\000d\000g\000e\000\040\000M\000a\000n\000a\000g\000e\000m\000e\000n\000t}{section.5.2}% 170
\BOOKMARK [1][-]{section.5.3}{\376\377\000X\000\342\000y\000\040\000d\036\361\000n\000g\000\040\000E\000d\000g\000e\000\040\000A\000g\000e\000n\000t}{chapter.5}% 171
\BOOKMARK [2][-]{subsection.5.3.1}{\376\377\000M\000Q\000T\000T\000\040\000C\000o\000m\000m\000u\000n\000i\000c\000a\000t\000i\000o\000n}{section.5.3}% 172
\BOOKMARK [2][-]{subsection.5.3.2}{\376\377\000C\000o\000m\000m\000a\000n\000d\000\040\000H\000a\000n\000d\000l\000e\000r}{section.5.3}% 173
\BOOKMARK [2][-]{subsection.5.3.3}{\376\377\000M\000o\000d\000e\000l\000\040\000D\000o\000w\000n\000l\000o\000a\000d\000e\000r}{section.5.3}% 174
\BOOKMARK [2][-]{subsection.5.3.4}{\376\377\000R\000u\000n\000t\000i\000m\000e\000\040\000M\000a\000n\000a\000g\000e\000r}{section.5.3}% 175
\BOOKMARK [2][-]{subsection.5.3.5}{\376\377\000T\000e\000l\000e\000m\000e\000t\000r\000y\000\040\000C\000o\000l\000l\000e\000c\000t\000o\000r}{section.5.3}% 176
\BOOKMARK [1][-]{section.5.4}{\376\377\000X\000\342\000y\000\040\000d\036\361\000n\000g\000\040\000E\000d\000g\000e\000\040\000R\000u\000n\000t\000i\000m\000e}{chapter.5}% 177
\BOOKMARK [2][-]{subsection.5.4.1}{\376\377\000C\000a\000m\000e\000r\000a\000\040\000I\000n\000p\000u\000t}{section.5.4}% 178
\BOOKMARK [2][-]{subsection.5.4.2}{\376\377\000Y\000O\000L\000O\000\040\000I\000n\000f\000e\000r\000e\000n\000c\000e}{section.5.4}% 179
\BOOKMARK [2][-]{subsection.5.4.3}{\376\377\000T\000e\000n\000s\000o\000r\000R\000T}{section.5.4}% 180
\BOOKMARK [2][-]{subsection.5.4.4}{\376\377\000R\000e\000s\000u\000l\000t\000\040\000P\000r\000o\000c\000e\000s\000s\000i\000n\000g}{section.5.4}% 181
\BOOKMARK [2][-]{subsection.5.4.5}{\376\377\000R\000u\000n\000t\000i\000m\000e\000\040\000M\000e\000t\000r\000i\000c\000s}{section.5.4}% 182
\BOOKMARK [1][-]{section.5.5}{\376\377\000X\000\342\000y\000\040\000d\036\361\000n\000g\000\040\000A\000I\000\040\000C\000o\000p\000i\000l\000o\000t}{chapter.5}% 183
\BOOKMARK [2][-]{subsection.5.5.1}{\376\377\000A\000g\000e\000n\000t\000\040\000A\000r\000c\000h\000i\000t\000e\000c\000t\000u\000r\000e}{section.5.5}% 184
\BOOKMARK [2][-]{subsection.5.5.2}{\376\377\000K\000n\000o\000w\000l\000e\000d\000g\000e\000\040\000S\000e\000a\000r\000c\000h}{section.5.5}% 185
\BOOKMARK [2][-]{subsection.5.5.3}{\376\377\000M\000C\000P\000\040\000T\000o\000o\000l\000s}{section.5.5}% 186
\BOOKMARK [2][-]{subsection.5.5.4}{\376\377\000T\000o\000o\000l\000\040\000C\000a\000l\000l\000i\000n\000g}{section.5.5}% 187
\BOOKMARK [2][-]{subsection.5.5.5}{\376\377\000C\000o\000n\000v\000e\000r\000s\000a\000t\000i\000o\000n\000\040\000M\000e\000m\000o\000r\000y}{section.5.5}% 188
\BOOKMARK [1][-]{section.5.6}{\376\377\000X\000\342\000y\000\040\000d\036\361\000n\000g\000\040\000M\000o\000n\000i\000t\000o\000r\000i\000n\000g}{chapter.5}% 189
\BOOKMARK [2][-]{subsection.5.6.1}{\376\377\000M\000e\000t\000r\000i\000c\000s\000\040\000C\000o\000l\000l\000e\000c\000t\000i\000o\000n}{section.5.6}% 190
\BOOKMARK [2][-]{subsection.5.6.2}{\376\377\000R\000u\000l\000e\000-\000b\000a\000s\000e\000d\000\040\000D\000e\000t\000e\000c\000t\000i\000o\000n}{section.5.6}% 191
\BOOKMARK [2][-]{subsection.5.6.3}{\376\377\000I\000n\000c\000i\000d\000e\000n\000t\000\040\000C\000r\000e\000a\000t\000i\000o\000n}{section.5.6}% 192
\BOOKMARK [2][-]{subsection.5.6.4}{\376\377\000A\000l\000e\000r\000t\000\040\000P\000r\000o\000c\000e\000s\000s\000i\000n\000g}{section.5.6}% 193
\BOOKMARK [1][-]{section.5.7}{\376\377\000G\000i\000a\000o\000\040\000d\000i\036\307\000n\000\040\000q\000u\036\243\000n\000\040\000l\000\375}{chapter.5}% 194
\BOOKMARK [2][-]{subsection.5.7.1}{\376\377\000D\000a\000s\000h\000b\000o\000a\000r\000d}{section.5.7}% 195
\BOOKMARK [2][-]{subsection.5.7.2}{\376\377\000F\000l\000e\000e\000t}{section.5.7}% 196
\BOOKMARK [2][-]{subsection.5.7.3}{\376\377\000M\000o\000d\000e\000l\000s}{section.5.7}% 197
\BOOKMARK [2][-]{subsection.5.7.4}{\376\377\000D\000e\000p\000l\000o\000y\000m\000e\000n\000t\000s}{section.5.7}% 198
\BOOKMARK [2][-]{subsection.5.7.5}{\376\377\000M\000o\000n\000i\000t\000o\000r\000i\000n\000g}{section.5.7}% 199
\BOOKMARK [2][-]{subsection.5.7.6}{\376\377\000I\000n\000c\000i\000d\000e\000n\000t\000s}{section.5.7}% 200
\BOOKMARK [2][-]{subsection.5.7.7}{\376\377\000C\000o\000p\000i\000l\000o\000t}{section.5.7}% 201
\BOOKMARK [1][-]{section.5.8}{\376\377\000K\036\277\000t\000\040\000c\000h\001\260\001\241\000n\000g}{chapter.5}% 202
\BOOKMARK [0][-]{chapter.6}{\376\377\000T\000H\036\360\000C\000\040\000N\000G\000H\000I\036\306\000M\000\040\000V\000\300\000\040\001\020\000\301\000N\000H\000\040\000G\000I\000\301}{}% 203
\BOOKMARK [1][-]{section.6.1}{\376\377\000M\000\364\000i\000\040\000t\000r\001\260\036\335\000n\000g\000\040\000t\000h\036\361\000c\000\040\000n\000g\000h\000i\036\307\000m}{chapter.6}% 204
\BOOKMARK [1][-]{section.6.2}{\376\377\000B\000e\000n\000c\000h\000m\000a\000r\000k\000\040\000m\000\364\000\040\000h\000\354\000n\000h}{chapter.6}% 205
\BOOKMARK [1][-]{section.6.3}{\376\377\000B\000e\000n\000c\000h\000m\000a\000r\000k\000\040\000t\000r\000\352\000n\000\040\000J\000e\000t\000s\000o\000n\000\040\000N\000a\000n\000o}{chapter.6}% 206
\BOOKMARK [1][-]{section.6.4}{\376\377\000B\000e\000n\000c\000h\000m\000a\000r\000k\000\040\000t\000r\000\352\000n\000\040\000J\000e\000t\000s\000o\000n\000\040\000O\000r\000i\000n\000\040\000N\000a\000n\000o}{chapter.6}% 207
\BOOKMARK [1][-]{section.6.5}{\376\377\000S\000o\000\040\000s\000\341\000n\000h\000\040\000J\000e\000t\000s\000o\000n\000\040\000N\000a\000n\000o\000\040\000v\000\340\000\040\000J\000e\000t\000s\000o\000n\000\040\000O\000r\000i\000n\000\040\000N\000a\000n\000o}{chapter.6}% 208
\BOOKMARK [1][-]{section.6.6}{\376\377\000B\000e\000n\000c\000h\000m\000a\000r\000k\000\040\000E\000d\000g\000e\000\040\000R\000u\000n\000t\000i\000m\000e}{chapter.6}% 209
\BOOKMARK [1][-]{section.6.7}{\376\377\000B\000e\000n\000c\000h\000m\000a\000r\000k\000\040\000P\000l\000a\000t\000f\000o\000r\000m}{chapter.6}% 210
\BOOKMARK [1][-]{section.6.8}{\376\377\001\020\000\341\000n\000h\000\040\000g\000i\000\341\000\040\000k\000h\036\243\000\040\000n\001\003\000n\000g\000\040\000t\000r\000i\036\303\000n\000\040\000k\000h\000a\000i}{chapter.6}% 211
\BOOKMARK [1][-]{section.6.9}{\376\377\000K\036\277\000t\000\040\000c\000h\001\260\001\241\000n\000g}{chapter.6}% 212
\BOOKMARK [0][-]{chapter.7}{\376\377\000K\036\276\000T\000\040\000L\000U\036\254\000N\000\040\000V\000\300\000\040\000H\001\257\036\332\000N\000G\000\040\000P\000H\000\301\000T\000\040\000T\000R\000I\036\302\000N}{}% 213
\BOOKMARK [1][-]{section.7.1}{\376\377\000K\036\277\000t\000\040\000q\000u\036\243\000\040\001\021\036\241\000t\000\040\001\021\001\260\036\343\000c}{chapter.7}% 214
\BOOKMARK [2][-]{subsection.7.1.1}{\376\377\000K\036\277\000t\000\040\000q\000u\036\243\000\040\000t\036\321\000i\000\040\001\260\000u\000\040\000Y\000O\000L\000O}{section.7.1}% 215
\BOOKMARK [2][-]{subsection.7.1.2}{\376\377\000K\036\277\000t\000\040\000q\000u\036\243\000\040\000E\000d\000g\000e\000\040\000R\000u\000n\000t\000i\000m\000e}{section.7.1}% 216
\BOOKMARK [2][-]{subsection.7.1.3}{\376\377\000K\036\277\000t\000\040\000q\000u\036\243\000\040\000E\000d\000g\000e\000\040\000P\000l\000a\000t\000f\000o\000r\000m}{section.7.1}% 217
\BOOKMARK [2][-]{subsection.7.1.4}{\376\377\000K\036\277\000t\000\040\000q\000u\036\243\000\040\000A\000I\000\040\000C\000o\000p\000i\000l\000o\000t}{section.7.1}% 218
\BOOKMARK [1][-]{section.7.2}{\376\377\000H\036\241\000n\000\040\000c\000h\036\277}{chapter.7}% 219
\BOOKMARK [1][-]{section.7.3}{\376\377\000H\001\260\036\333\000n\000g\000\040\000p\000h\000\341\000t\000\040\000t\000r\000i\036\303\000n}{chapter.7}% 220
\BOOKMARK [0][-]{section*.42}{\376\377\000T\000\300\000I\000\040\000L\000I\036\306\000U\000\040\000T\000H\000A\000M\000\040\000K\000H\036\242\000O}{}% 221
\BOOKMARK [0][-]{appendix.A}{\376\377\000C\036\244\000U\000\040\000T\000R\000\332\000C\000\040\000S\000O\000U\000R\000C\000E\000\040\000C\000O\000D\000E}{}% 222
\BOOKMARK [0][-]{appendix.B}{\376\377\000D\000A\000T\000A\000B\000A\000S\000E\000\040\000S\000C\000H\000E\000M\000A}{}% 223
\BOOKMARK [0][-]{appendix.C}{\376\377\000A\000P\000I\000\040\000S\000P\000E\000C\000I\000F\000I\000C\000A\000T\000I\000O\000N}{}% 224
\BOOKMARK [0][-]{appendix.D}{\376\377\000M\000C\000P\000\040\000T\000O\000O\000L\000\040\000S\000P\000E\000C\000I\000F\000I\000C\000A\000T\000I\000O\000N}{}% 225
\BOOKMARK [0][-]{appendix.E}{\376\377\000M\000O\000D\000E\000L\000\040\000T\000R\000A\000I\000N\000I\000N\000G\000\040\000C\000O\000N\000F\000I\000G\000U\000R\000A\000T\000I\000O\000N}{}% 226
\BOOKMARK [0][-]{appendix.F}{\376\377\000B\000E\000N\000C\000H\000M\000A\000R\000K\000\040\000C\000O\000N\000F\000I\000G\000U\000R\000A\000T\000I\000O\000N}{}% 227
\BOOKMARK [0][-]{appendix.G}{\376\377\000D\000E\000P\000L\000O\000Y\000M\000E\000N\000T\000\040\000C\000O\000N\000F\000I\000G\000U\000R\000A\000T\000I\000O\000N}{}% 228
